
ASUS@LAPTOP-4K5TNKS4 MINGW64 ~/OneDrive/文档/xirpl1 (master)
$ ls
index.html

ASUS@LAPTOP-4K5TNKS4 MINGW64 ~/OneDrive/文档/xirpl1 (master)
$ git add .

ASUS@LAPTOP-4K5TNKS4 MINGW64 ~/OneDrive/文档/xirpl1 (master)
$ git commit -m "menambahkan file index.html"
[master (root-commit) e39328f] menambahkan file index.html
 1 file changed, 18 insertions(+)
 create mode 100644 index.html

ASUS@LAPTOP-4K5TNKS4 MINGW64 ~/OneDrive/文档/xirpl1 (master)
$ ls
index.html

ASUS@LAPTOP-4K5TNKS4 MINGW64 ~/OneDrive/文档/xirpl1 (master)
$ git status
On branch master
nothing to commit, working tree clean

ASUS@LAPTOP-4K5TNKS4 MINGW64 ~/OneDrive/文档/xirpl1 (master)
$ git commit -m "menambah garis baru"
On branch master
nothing to commit, working tree clean

ASUS@LAPTOP-4K5TNKS4 MINGW64 ~/OneDrive/文档/xirpl1 (master)
$ git status
On branch master
nothing to commit, working tree clean

ASUS@LAPTOP-4K5TNKS4 MINGW64 ~/OneDrive/文档/xirpl1 (master)
$ git commit -m "menambah link github"
On branch master
Changes not staged for commit:
  (use "git add <file>..." to update what will be committed)
  (use "git restore <file>..." to discard changes in working directory)
        modified:   index.html

no changes added to commit (use "git add" and/or "git commit -a")

ASUS@LAPTOP-4K5TNKS4 MINGW64 ~/OneDrive/文档/xirpl1 (master)
$ git commit -am "menambah link github"
[master 345e400] menambah link github
 1 file changed, 5 insertions(+), 2 deletions(-)

Changes not staged for commit:
  (use "git add <file>..." to update what will be committed)
  (use "git restore <file>..." to discard changes in working directory)
        modified:   index.html

no changes added to commit (use "git add" and/or "git commit -a")

ASUS@LAPTOP-4K5TNKS4 MINGW64 ~/OneDrive/文档/xirpl1 (master)
$ git commit -am "menambah link github"
[master 345e400] menambah link github
 1 file changed, 5 insertions(+), 2 deletions(-)

[master 345e400] menambah link github
 1 file changed, 5 insertions(+), 2 deletions(-)

ASUS@LAPTOP-4K5TNKS4 MINGW64 ~/OneDrive/文档/xirpl1 (master)
$ git status
On branch master
nothing to commit, working tree clean

ASUS@LAPTOP-4K5TNKS4 MINGW64 ~/OneDrive/文档/xirpl1 (master)
$ git remote

ASUS@LAPTOP-4K5TNKS4 MINGW64 ~/OneDrive/文档/xirpl1 (master)
$ git remote -v

ASUS@LAPTOP-4K5TNKS4 MINGW64 ~/OneDrive/文档/xirpl1 (master)
$ git remote add origin https://github.com/FahzzzStudio/belajarbarengRPL1.git

ASUS@LAPTOP-4K5TNKS4 MINGW64 ~/OneDrive/文档/xirpl1 (master)
$ git remote -v
origin  https://github.com/FahzzzStudio/belajarbarengRPL1.git (fetch)
origin  https://github.com/FahzzzStudio/belajarbarengRPL1.git (push)

ASUS@LAPTOP-4K5TNKS4 MINGW64 ~/OneDrive/文档/xirpl1 (master)
$ git push -u origin master
Enumerating objects: 6, done.
Counting objects: 100% (6/6), done.
Delta compression using up to 16 threads
Compressing objects: 100% (4/4), done.
Writing objects: 100% (6/6), 731 bytes | 182.00 KiB/s, done.
Total 6 (delta 1), reused 0 (delta 0), pack-reused 0 (from 0)
remote: Resolving deltas: 100% (1/1), done.
To https://github.com/FahzzzStudio/belajarbarengRPL1.git
 * [new branch]      master -> master
branch 'master' set up to track 'origin/master'.

ASUS@LAPTOP-4K5TNKS4 MINGW64 ~/OneDrive/文档/xirpl1 (master)
$ ls
index.html

ASUS@LAPTOP-4K5TNKS4 MINGW64 ~/OneDrive/文档/xirpl1 (master)
$ git status
On branch master
Your branch is up to date with 'origin/master'.

nothing to commit, working tree clean

ASUS@LAPTOP-4K5TNKS4 MINGW64 ~/OneDrive/文档/xirpl1 (master)
$ git remote -v
origin  https://github.com/FahzzzStudio/belajarbarengRPL1.git (fetch)
origin  https://github.com/FahzzzStudio/belajarbarengRPL1.git (push)

ASUS@LAPTOP-4K5TNKS4 MINGW64 ~/OneDrive/文档/xirpl1 (master)
$ alias graph="git log --all --decorate -oneline --graph"\
> ;

ASUS@LAPTOP-4K5TNKS4 MINGW64 ~/OneDrive/文档/xirpl1 (master)
$ alias graph="git log --all --decorate --oneline --graph"

ASUS@LAPTOP-4K5TNKS4 MINGW64 ~/OneDrive/文档/xirpl1 (master)
$ graph
* 345e400 (HEAD -> master, origin/master) menambah link github
* e39328f menambahkan file index.html

ASUS@LAPTOP-4K5TNKS4 MINGW64 ~/OneDrive/文档/xirpl1 (master)
$